// Jest Snapshot v1, https://goo.gl/fbAQLP

exports[`Test my button component Matches snapshot 1`] = `
<div
  className="button-style"
  data-testid="my-button"
>
  Click me now
</div>
`;
